// Jest Snapshot v1, https://goo.gl/fbAQLP

exports[`renders without crashing 1`] = `
Object {
  "asFragment": [Function],
  "baseElement": <body>
    <div>
      <div
        data-testid="navigationContainer"
        style="display: flex; overflow-x: hidden; background-color: rgba(54, 84, 98, 0.063);"
      >
        <header
          class="MuiPaper-root MuiPaper-elevation MuiPaper-elevation0 MuiAppBar-root MuiAppBar-colorPrimary MuiAppBar-positionFixed mui-fixed css-1naxzgn-MuiPaper-root-MuiAppBar-root"
          data-testid="headerAppBar"
        >
          <div
            class="MuiToolbar-root MuiToolbar-gutters MuiToolbar-dense css-l8v6ha-MuiToolbar-root"
          >
            <div
              class="MuiBox-root css-kg9p2d"
            >
              <p
                class="MuiTypography-root MuiTypography-body1 css-14twn8l-MuiTypography-root"
                data-testid="titleName"
              >
                Coronavirus (COVID-19) Dashboard
              </p>
              <div
                class="MuiBox-root css-1mud55e"
              />
            </div>
          </div>
        </header>
        <div
          class="MuiBox-root css-81f0u5"
          data-testid="navigationContent"
        />
      </div>
    </div>
  </body>,
  "container": <div>
    <div
      data-testid="navigationContainer"
      style="display: flex; overflow-x: hidden; background-color: rgba(54, 84, 98, 0.063);"
    >
      <header
        class="MuiPaper-root MuiPaper-elevation MuiPaper-elevation0 MuiAppBar-root MuiAppBar-colorPrimary MuiAppBar-positionFixed mui-fixed css-1naxzgn-MuiPaper-root-MuiAppBar-root"
        data-testid="headerAppBar"
      >
        <div
          class="MuiToolbar-root MuiToolbar-gutters MuiToolbar-dense css-l8v6ha-MuiToolbar-root"
        >
          <div
            class="MuiBox-root css-kg9p2d"
          >
            <p
              class="MuiTypography-root MuiTypography-body1 css-14twn8l-MuiTypography-root"
              data-testid="titleName"
            >
              Coronavirus (COVID-19) Dashboard
            </p>
            <div
              class="MuiBox-root css-1mud55e"
            />
          </div>
        </div>
      </header>
      <div
        class="MuiBox-root css-81f0u5"
        data-testid="navigationContent"
      />
    </div>
  </div>,
  "debug": [Function],
  "findAllByAltText": [Function],
  "findAllByDisplayValue": [Function],
  "findAllByLabelText": [Function],
  "findAllByPlaceholderText": [Function],
  "findAllByRole": [Function],
  "findAllByTestId": [Function],
  "findAllByText": [Function],
  "findAllByTitle": [Function],
  "findByAltText": [Function],
  "findByDisplayValue": [Function],
  "findByLabelText": [Function],
  "findByPlaceholderText": [Function],
  "findByRole": [Function],
  "findByTestId": [Function],
  "findByText": [Function],
  "findByTitle": [Function],
  "getAllByAltText": [Function],
  "getAllByDisplayValue": [Function],
  "getAllByLabelText": [Function],
  "getAllByPlaceholderText": [Function],
  "getAllByRole": [Function],
  "getAllByTestId": [Function],
  "getAllByText": [Function],
  "getAllByTitle": [Function],
  "getByAltText": [Function],
  "getByDisplayValue": [Function],
  "getByLabelText": [Function],
  "getByPlaceholderText": [Function],
  "getByRole": [Function],
  "getByTestId": [Function],
  "getByText": [Function],
  "getByTitle": [Function],
  "queryAllByAltText": [Function],
  "queryAllByDisplayValue": [Function],
  "queryAllByLabelText": [Function],
  "queryAllByPlaceholderText": [Function],
  "queryAllByRole": [Function],
  "queryAllByTestId": [Function],
  "queryAllByText": [Function],
  "queryAllByTitle": [Function],
  "queryByAltText": [Function],
  "queryByDisplayValue": [Function],
  "queryByLabelText": [Function],
  "queryByPlaceholderText": [Function],
  "queryByRole": [Function],
  "queryByTestId": [Function],
  "queryByText": [Function],
  "queryByTitle": [Function],
  "rerender": [Function],
  "unmount": [Function],
}
`;
